// Jest Snapshot v1, https://goo.gl/fbAQLP

exports[`Header tests should render 1`] = `
Object {
  "asFragment": [Function],
  "baseElement": <body>
    <div>
      <div
        class="container"
      >
        <nav
          class="nav-bar"
        >
          <div
            class="nav-brand"
          >
            <a
              class="nav-img"
              href="/"
            >
              <img
                alt="logo"
                src="planet.png"
              />
            </a>
            <h2>
              Space Travelers' Hub 
            </h2>
          </div>
          <div
            class="nav-links nav"
          >
            <li>
              <a
                aria-current="page"
                class="active-link nav-link"
                href="/"
              >
                Rockets
              </a>
            </li>
            <li>
              <a
                class="nav-link"
                href="/missions"
              >
                Missions
              </a>
            </li>
            <span>
              |
            </span>
            <li>
              <a
                class="nav-link"
                href="/myProfile"
              >
                My Profile
              </a>
            </li>
          </div>
        </nav>
        <hr
          class="horizontal"
        />
      </div>
    </div>
  </body>,
  "container": <div>
    <div
      class="container"
    >
      <nav
        class="nav-bar"
      >
        <div
          class="nav-brand"
        >
          <a
            class="nav-img"
            href="/"
          >
            <img
              alt="logo"
              src="planet.png"
            />
          </a>
          <h2>
            Space Travelers' Hub 
          </h2>
        </div>
        <div
          class="nav-links nav"
        >
          <li>
            <a
              aria-current="page"
              class="active-link nav-link"
              href="/"
            >
              Rockets
            </a>
          </li>
          <li>
            <a
              class="nav-link"
              href="/missions"
            >
              Missions
            </a>
          </li>
          <span>
            |
          </span>
          <li>
            <a
              class="nav-link"
              href="/myProfile"
            >
              My Profile
            </a>
          </li>
        </div>
      </nav>
      <hr
        class="horizontal"
      />
    </div>
  </div>,
  "debug": [Function],
  "findAllByAltText": [Function],
  "findAllByDisplayValue": [Function],
  "findAllByLabelText": [Function],
  "findAllByPlaceholderText": [Function],
  "findAllByRole": [Function],
  "findAllByTestId": [Function],
  "findAllByText": [Function],
  "findAllByTitle": [Function],
  "findByAltText": [Function],
  "findByDisplayValue": [Function],
  "findByLabelText": [Function],
  "findByPlaceholderText": [Function],
  "findByRole": [Function],
  "findByTestId": [Function],
  "findByText": [Function],
  "findByTitle": [Function],
  "getAllByAltText": [Function],
  "getAllByDisplayValue": [Function],
  "getAllByLabelText": [Function],
  "getAllByPlaceholderText": [Function],
  "getAllByRole": [Function],
  "getAllByTestId": [Function],
  "getAllByText": [Function],
  "getAllByTitle": [Function],
  "getByAltText": [Function],
  "getByDisplayValue": [Function],
  "getByLabelText": [Function],
  "getByPlaceholderText": [Function],
  "getByRole": [Function],
  "getByTestId": [Function],
  "getByText": [Function],
  "getByTitle": [Function],
  "queryAllByAltText": [Function],
  "queryAllByDisplayValue": [Function],
  "queryAllByLabelText": [Function],
  "queryAllByPlaceholderText": [Function],
  "queryAllByRole": [Function],
  "queryAllByTestId": [Function],
  "queryAllByText": [Function],
  "queryAllByTitle": [Function],
  "queryByAltText": [Function],
  "queryByDisplayValue": [Function],
  "queryByLabelText": [Function],
  "queryByPlaceholderText": [Function],
  "queryByRole": [Function],
  "queryByTestId": [Function],
  "queryByText": [Function],
  "queryByTitle": [Function],
  "rerender": [Function],
  "unmount": [Function],
}
`;
